
--- YENÄ° OTURUM: 2026-03-11 23:37:21 ---
2026-03-11 23:37:22 [scrapy.utils.log] INFO: Scrapy 2.14.1 started (bot: trendyol_bot)
2026-03-11 23:37:22 [scrapy.utils.log] INFO: Versions:
{'lxml': '6.0.2',
 'libxml2': '2.11.9',
 'cssselect': '1.4.0',
 'parsel': '1.11.0',
 'w3lib': '2.4.0',
 'Twisted': '25.5.0',
 'Python': '3.14.2 (tags/v3.14.2:df79316, Dec  5 2025, 17:18:21) [MSC v.1944 '
           '64 bit (AMD64)]',
 'pyOpenSSL': '25.3.0 (OpenSSL 3.5.5 27 Jan 2026)',
 'cryptography': '46.0.5',
 'Platform': 'Windows-11-10.0.26200-SP0'}
2026-03-11 23:37:22 [trendyol] INFO: [Spider] Basladi | kombinasyon=34268 | limit=9999999
2026-03-11 23:37:22 [scrapy.addons] INFO: Enabled addons:
[]
2026-03-11 23:37:22 [scrapy.extensions.telnet] INFO: Telnet Password: 87c4baa1dd4b4295
2026-03-11 23:37:22 [scrapy.middleware] INFO: Enabled extensions:
['scrapy.extensions.corestats.CoreStats',
 'scrapy.extensions.logcount.LogCount',
 'scrapy.extensions.telnet.TelnetConsole',
 'scrapy.extensions.logstats.LogStats',
 'scrapy.extensions.throttle.AutoThrottle',
 'trendyol_bot.extensions.LiveProxyUpdater']
2026-03-11 23:37:22 [scrapy.crawler] INFO: Overridden settings:
{'AUTOTHROTTLE_ENABLED': True,
 'AUTOTHROTTLE_MAX_DELAY': 10,
 'AUTOTHROTTLE_START_DELAY': 1,
 'AUTOTHROTTLE_TARGET_CONCURRENCY': 1.5,
 'BOT_NAME': 'trendyol_bot',
 'COOKIES_ENABLED': False,
 'DOWNLOAD_DELAY': 1,
 'DOWNLOAD_FAIL_ON_DATALOSS': False,
 'DOWNLOAD_TIMEOUT': 15,
 'FEED_EXPORT_ENCODING': 'utf-8',
 'FEED_EXPORT_FIELDS': ['url',
                        'category',
                        'title',
                        'price',
                        'evaluation',
                        'evaluation_len',
                        'attributes',
                        'explanation',
                        'images'],
 'LOG_FORMATTER': 'trendyol_bot.logformatter.QuietLogFormatter',
 'LOG_LEVEL': 'INFO',
 'NEWSPIDER_MODULE': 'trendyol_bot.spiders',
 'RETRY_HTTP_CODES': [500, 502, 503, 504, 522, 524, 408, 429, 403],
 'RETRY_TIMES': 5,
 'SPIDER_MODULES': ['trendyol_bot.spiders']}
2026-03-11 23:37:22 [scrapy.middleware] INFO: Enabled downloader middlewares:
['scrapy.downloadermiddlewares.offsite.OffsiteMiddleware',
 'scrapy.downloadermiddlewares.httpauth.HttpAuthMiddleware',
 'scrapy.downloadermiddlewares.downloadtimeout.DownloadTimeoutMiddleware',
 'scrapy.downloadermiddlewares.defaultheaders.DefaultHeadersMiddleware',
 'trendyol_bot.middlewares.RandomUserAgentMiddleware',
 'scrapy.downloadermiddlewares.retry.RetryMiddleware',
 'scrapy.downloadermiddlewares.redirect.MetaRefreshMiddleware',
 'scrapy.downloadermiddlewares.httpcompression.HttpCompressionMiddleware',
 'scrapy.downloadermiddlewares.redirect.RedirectMiddleware',
 'rotating_proxies.middlewares.RotatingProxyMiddleware',
 'rotating_proxies.middlewares.BanDetectionMiddleware',
 'scrapy.downloadermiddlewares.httpproxy.HttpProxyMiddleware',
 'scrapy.downloadermiddlewares.stats.DownloaderStats']
2026-03-11 23:37:22 [scrapy.middleware] INFO: Enabled spider middlewares:
['scrapy.spidermiddlewares.start.StartSpiderMiddleware',
 'scrapy.spidermiddlewares.httperror.HttpErrorMiddleware',
 'scrapy.spidermiddlewares.referer.RefererMiddleware',
 'scrapy.spidermiddlewares.urllength.UrlLengthMiddleware',
 'scrapy.spidermiddlewares.depth.DepthMiddleware']
2026-03-11 23:37:22 [scrapy.middleware] INFO: Enabled item pipelines:
['trendyol_bot.pipelines.TrendyolBotPipeline']
2026-03-11 23:37:22 [scrapy.core.engine] INFO: Spider opened
2026-03-11 23:37:22 [trendyol] INFO: [Pipeline] Yeni oturum | job_id=20260311_203722
2026-03-11 23:37:25 [pipeline] INFO: [Pipeline] Durum maili gönderildi | \U0001f7e2 NeuraNovaV Bot Baþladý
2026-03-11 23:37:25 [scrapy.extensions.logstats] INFO: Crawled 0 pages (at 0 pages/min), scraped 0 items (at 0 items/min)
2026-03-11 23:37:25 [proxy_updater] INFO: proxy güncelleyici aktif | 4 kaynak | her 15 dk
2026-03-11 23:37:25 [scrapy.extensions.telnet] INFO: Telnet console listening on 127.0.0.1:6023
2026-03-11 23:37:25 [rotating_proxies.middlewares] INFO: Proxies(good: 0, dead: 0, unchecked: 117, reanimated: 0, mean backoff time: 0s)
2026-03-11 23:37:25 [proxy_updater] INFO: kaynak OK | monosans | toplam: 55 | TR: 0 | yabancý: 55 | çöp: 0
2026-03-11 23:37:30 [proxy_updater] INFO: güncelleme tamam | +0 yeni | -0 banlý silindi | TR: 0 | çöp: 0
2026-03-11 23:37:35 [trendyol] INFO: ==> [SAYFA 1] Tamamlandi | 24 Urun Havuza Atildi | sr?wc=82&wg=1&prc=300-350
2026-03-11 23:37:39 [trendyol] INFO: ==> [SAYFA 1] Tamamlandi | 24 Urun Havuza Atildi | sr?wc=82&wg=1&prc=800-850
2026-03-11 23:37:43 [trendyol] INFO: ==> [SAYFA 1] Tamamlandi | 24 Urun Havuza Atildi | sr?wc=82&wg=1&prc=50-100
2026-03-11 23:37:49 [trendyol] INFO: ==> [SAYFA 1] Tamamlandi | 24 Urun Havuza Atildi | sr?wc=82&wg=1&prc=350-400
2026-03-11 23:37:51 [trendyol] INFO: ==> [SAYFA 2] Tamamlandi | 24 Urun Havuza Atildi | sr?wc=82&wg=1&prc=800-850
2026-03-11 23:37:55 [rotating_proxies.middlewares] INFO: Proxies(good: 4, dead: 30, unchecked: 80, reanimated: 3, mean backoff time: 129s)
2026-03-11 23:38:02 [trendyol] INFO: ==> [SAYFA 1] Bitti (link yok) | sr?wc=82&wg=1&prc=150-200
2026-03-11 23:38:11 [trendyol] INFO: ==> [SAYFA 1] Tamamlandi | 24 Urun Havuza Atildi | sr?wc=82&wg=1&prc=750-800
2026-03-11 23:38:25 [scrapy.extensions.logstats] INFO: Crawled 8 pages (at 8 pages/min), scraped 1 items (at 1 items/min)
2026-03-11 23:38:25 [rotating_proxies.middlewares] INFO: Proxies(good: 4, dead: 64, unchecked: 44, reanimated: 5, mean backoff time: 167s)
2026-03-11 23:38:29 [trendyol] INFO: ==> [SAYFA 2] Tamamlandi | 24 Urun Havuza Atildi | sr?wc=82&wg=1&prc=350-400
2026-03-11 23:38:38 [trendyol] INFO: ==> [SAYFA 1] Tamamlandi | 24 Urun Havuza Atildi | sr?wc=82&wg=1&prc=600-650
2026-03-11 23:38:40 [trendyol] INFO: ==> [SAYFA 1] Tamamlandi | 24 Urun Havuza Atildi | sr?wc=82&wg=1&prc=0-50
2026-03-11 23:38:43 [trendyol] INFO: ==> [SAYFA 2] Tamamlandi | 24 Urun Havuza Atildi | sr?wc=82&wg=1&prc=750-800
2026-03-11 23:38:46 [scrapy.downloadermiddlewares.retry] ERROR: Gave up retrying <GET https://www.trendyol.com/sr?wc=82&wg=1&prc=400-450&pi=1> (failed 6 times): 403 Forbidden
2026-03-11 23:38:46 [trendyol] ERROR: [Spider] HTTP 403 | https://www.trendyol.com/sr?wc=82&wg=1&prc=400-450&pi=1
2026-03-11 23:38:46 [trendyol] ERROR: [Spider] 403 Forbidden! Ban veya Captcha.
2026-03-11 23:38:49 [trendyol] WARNING: [Spider] JSON-LD yok, HTML fallback | https://www.trendyol.com/pd/nathia-outdoors/bordo-baklava-desenli-sakalli-dugmeli-yumos-triko-hirka-p-1042156782?boutiqueId=61&merchantId=609177
2026-03-11 23:38:50 [trendyol] WARNING: [Spider] JSON-LD yok, HTML fallback | https://www.trendyol.com/pd/mamayaga/kadin-ozel-tasarim-yaka-kol-dugmeli-cizgi-garnili-crop-boy-bluz-gomlek-p-856683703?boutiqueId=61&merchantId=248092
2026-03-11 23:38:50 [scrapy.core.scraper] WARNING: DROP: DROP (Fiyat Yok): https://www.trendyol.com/pd/mamayaga/kadin-ozel-tasarim-yaka-kol-dugmeli-cizgi-garnili-crop-boy-bluz-gomlek-p-856683703?boutiqueId=61&merchantId=248092 | URL: https://www.trendyol.com/pd/mamayaga/kadin-ozel-tasarim-yaka-kol-dugmeli-cizgi-garnili-crop-boy-bluz-gomlek-p-856683703?boutiqueId=61&merchantId=248092
2026-03-11 23:38:55 [rotating_proxies.middlewares] INFO: Proxies(good: 5, dead: 86, unchecked: 16, reanimated: 10, mean backoff time: 191s)
2026-03-11 23:39:00 [trendyol] WARNING: [Spider] JSON-LD yok, HTML fallback | https://www.trendyol.com/pd/genel-markalar/angela-siyah-normal-bel-ispanyol-paca-jeans-kles-pantolon-p-712961145?boutiqueId=61&merchantId=1059586
2026-03-11 23:39:01 [trendyol] WARNING: [Spider] JSON-LD yok, HTML fallback | https://www.trendyol.com/pd/tutku/entaha-kadin-12-li-cotton-bikini-0592-nefen-alan-doku-kumas-p-895204662?boutiqueId=61&merchantId=816744
2026-03-11 23:39:01 [trendyol] WARNING: [Spider] JSON-LD yok, HTML fallback | https://www.trendyol.com/pd/crazy-shee/prenses-nakis-detayli-vintage-gomlek-p-974555645?boutiqueId=61&merchantId=990979
2026-03-11 23:39:01 [scrapy.core.scraper] WARNING: DROP: DROP (Fiyat Yok): https://www.trendyol.com/pd/crazy-shee/prenses-nakis-detayli-vintage-gomlek-p-974555645?boutiqueId=61&merchantId=990979 | URL: https://www.trendyol.com/pd/crazy-shee/prenses-nakis-detayli-vintage-gomlek-p-974555645?boutiqueId=61&merchantId=990979
2026-03-11 23:39:02 [trendyol] WARNING: [Spider] JSON-LD yok, HTML fallback | https://www.trendyol.com/pd/maestro-woman/kadin-pudra-yuksek-bel-fermuarli-dikisli-modal-etek-p-1103537986?boutiqueId=61&merchantId=1227898
2026-03-11 23:39:08 [trendyol] WARNING: [Spider] JSON-LD yok, HTML fallback | https://www.trendyol.com/pd/limabel/all-star-ispanyol-jeans-krem-ispanyol-kot-yuksek-bel-ispanyol-ekru-kot-pantolon-likrali-p-897753487?boutiqueId=61&merchantId=1085393
2026-03-11 23:39:09 [scrapy.downloadermiddlewares.retry] ERROR: Gave up retrying <GET https://www.trendyol.com/sr?wc=82&wg=1&prc=200-250&pi=1> (failed 6 times): 403 Forbidden
2026-03-11 23:39:09 [trendyol] ERROR: [Spider] HTTP 403 | https://www.trendyol.com/sr?wc=82&wg=1&prc=200-250&pi=1
2026-03-11 23:39:09 [trendyol] ERROR: [Spider] 403 Forbidden! Ban veya Captcha.
2026-03-11 23:39:11 [trendyol] INFO: ==> [SAYFA 2] Tamamlandi | 24 Urun Havuza Atildi | sr?wc=82&wg=1&prc=600-650
2026-03-11 23:39:12 [trendyol] WARNING: [Spider] JSON-LD yok, HTML fallback | https://www.trendyol.com/pd/genel-markalar/orgu-desen-triko-hirka-tas-renk-p-217366139?boutiqueId=61&merchantId=113742
2026-03-11 23:39:19 [trendyol] INFO: ==> [SAYFA 1] Tamamlandi | 24 Urun Havuza Atildi | sr?wc=82&wg=1&prc=500-550
2026-03-11 23:39:21 [trendyol] INFO: ==> [SAYFA 2] Tamamlandi | 24 Urun Havuza Atildi | sr?wc=82&wg=1&prc=0-50
2026-03-11 23:39:25 [scrapy.extensions.logstats] INFO: Crawled 33 pages (at 25 pages/min), scraped 15 items (at 14 items/min)
2026-03-11 23:39:25 [rotating_proxies.middlewares] INFO: Proxies(good: 5, dead: 102, unchecked: 1, reanimated: 9, mean backoff time: 275s)
2026-03-11 23:39:27 [scrapy.downloadermiddlewares.retry] ERROR: Gave up retrying <GET https://www.trendyol.com/sr?wc=82&wg=1&prc=450-500&pi=1> (failed 6 times): User timeout caused connection failure.
2026-03-11 23:39:27 [trendyol] ERROR: [Spider] Timeout | https://www.trendyol.com/sr?wc=82&wg=1&prc=450-500&pi=1
2026-03-11 23:39:29 [trendyol] WARNING: [Spider] JSON-LD yok, HTML fallback | https://www.trendyol.com/pd/genel-markalar/siyah-tul-pareo-p-283451962?boutiqueId=61&merchantId=645930

--- YENÄ° OTURUM: 2026-03-11 23:42:40 ---
2026-03-11 23:42:40 [scrapy.utils.log] INFO: Scrapy 2.14.1 started (bot: trendyol_bot)
2026-03-11 23:42:40 [scrapy.utils.log] INFO: Versions:
{'lxml': '6.0.2',
 'libxml2': '2.11.9',
 'cssselect': '1.4.0',
 'parsel': '1.11.0',
 'w3lib': '2.4.0',
 'Twisted': '25.5.0',
 'Python': '3.14.2 (tags/v3.14.2:df79316, Dec  5 2025, 17:18:21) [MSC v.1944 '
           '64 bit (AMD64)]',
 'pyOpenSSL': '25.3.0 (OpenSSL 3.5.5 27 Jan 2026)',
 'cryptography': '46.0.5',
 'Platform': 'Windows-11-10.0.26200-SP0'}
2026-03-11 23:42:40 [trendyol] INFO: [Spider] Basladi | kombinasyon=34268 | limit=9999999
2026-03-11 23:42:40 [scrapy.addons] INFO: Enabled addons:
[]
2026-03-11 23:42:40 [scrapy.extensions.telnet] INFO: Telnet Password: 16c0f438206ec1a8
2026-03-11 23:42:40 [scrapy.middleware] INFO: Enabled extensions:
['scrapy.extensions.corestats.CoreStats',
 'scrapy.extensions.logcount.LogCount',
 'scrapy.extensions.telnet.TelnetConsole',
 'scrapy.extensions.logstats.LogStats',
 'scrapy.extensions.throttle.AutoThrottle',
 'trendyol_bot.extensions.LiveProxyUpdater']
2026-03-11 23:42:40 [scrapy.crawler] INFO: Overridden settings:
{'AUTOTHROTTLE_ENABLED': True,
 'AUTOTHROTTLE_MAX_DELAY': 10,
 'AUTOTHROTTLE_START_DELAY': 1,
 'AUTOTHROTTLE_TARGET_CONCURRENCY': 1.5,
 'BOT_NAME': 'trendyol_bot',
 'COOKIES_ENABLED': False,
 'DOWNLOAD_DELAY': 1,
 'DOWNLOAD_FAIL_ON_DATALOSS': False,
 'DOWNLOAD_TIMEOUT': 15,
 'FEED_EXPORT_ENCODING': 'utf-8',
 'FEED_EXPORT_FIELDS': ['url',
                        'category',
                        'title',
                        'price',
                        'evaluation',
                        'evaluation_len',
                        'attributes',
                        'explanation',
                        'images'],
 'LOG_FORMATTER': 'trendyol_bot.logformatter.QuietLogFormatter',
 'LOG_LEVEL': 'INFO',
 'NEWSPIDER_MODULE': 'trendyol_bot.spiders',
 'RETRY_HTTP_CODES': [500, 502, 503, 504, 522, 524, 408, 429, 403],
 'RETRY_TIMES': 5,
 'SPIDER_MODULES': ['trendyol_bot.spiders']}
2026-03-11 23:42:41 [scrapy.middleware] INFO: Enabled downloader middlewares:
['scrapy.downloadermiddlewares.offsite.OffsiteMiddleware',
 'scrapy.downloadermiddlewares.httpauth.HttpAuthMiddleware',
 'scrapy.downloadermiddlewares.downloadtimeout.DownloadTimeoutMiddleware',
 'scrapy.downloadermiddlewares.defaultheaders.DefaultHeadersMiddleware',
 'trendyol_bot.middlewares.RandomUserAgentMiddleware',
 'scrapy.downloadermiddlewares.retry.RetryMiddleware',
 'scrapy.downloadermiddlewares.redirect.MetaRefreshMiddleware',
 'scrapy.downloadermiddlewares.httpcompression.HttpCompressionMiddleware',
 'scrapy.downloadermiddlewares.redirect.RedirectMiddleware',
 'rotating_proxies.middlewares.RotatingProxyMiddleware',
 'rotating_proxies.middlewares.BanDetectionMiddleware',
 'scrapy.downloadermiddlewares.httpproxy.HttpProxyMiddleware',
 'scrapy.downloadermiddlewares.stats.DownloaderStats']
2026-03-11 23:42:41 [scrapy.middleware] INFO: Enabled spider middlewares:
['scrapy.spidermiddlewares.start.StartSpiderMiddleware',
 'scrapy.spidermiddlewares.httperror.HttpErrorMiddleware',
 'scrapy.spidermiddlewares.referer.RefererMiddleware',
 'scrapy.spidermiddlewares.urllength.UrlLengthMiddleware',
 'scrapy.spidermiddlewares.depth.DepthMiddleware']
2026-03-11 23:42:41 [scrapy.middleware] INFO: Enabled item pipelines:
['trendyol_bot.pipelines.TrendyolBotPipeline']
2026-03-11 23:42:41 [scrapy.core.engine] INFO: Spider opened
2026-03-11 23:42:41 [trendyol] INFO: [Pipeline] Yeni oturum | job_id=20260311_204241
2026-03-11 23:42:43 [pipeline] INFO: [Pipeline] Durum maili gönderildi | \U0001f7e2 NeuraNovaV Bot Baþladý
2026-03-11 23:42:43 [scrapy.extensions.logstats] INFO: Crawled 0 pages (at 0 pages/min), scraped 0 items (at 0 items/min)
2026-03-11 23:42:43 [proxy_updater] INFO: proxy güncelleyici aktif | 4 kaynak | her 15 dk
2026-03-11 23:42:43 [scrapy.extensions.telnet] INFO: Telnet console listening on 127.0.0.1:6023
2026-03-11 23:42:43 [rotating_proxies.middlewares] INFO: Proxies(good: 0, dead: 0, unchecked: 117, reanimated: 0, mean backoff time: 0s)
